// Jest Snapshot v1, https://goo.gl/fbAQLP

exports[`App renders flight list by default 1`] = `
<div
  className="css-zf0iqh"
>
  <header
    className="MuiPaper-root MuiPaper-elevation MuiPaper-elevation4 MuiAppBar-root MuiAppBar-colorPrimary MuiAppBar-positionStatic css-1gedkir-MuiPaper-root-MuiAppBar-root"
  >
    <div
      className="MuiToolbar-root MuiToolbar-gutters MuiToolbar-regular css-ap1hwn-MuiToolbar-root"
    >
      <a
        href="/"
        onClick={[Function]}
      >
        <div
          className="MuiTypography-root MuiTypography-h6 css-817iol-MuiTypography-root"
        >
          <svg
            aria-hidden={true}
            className="MuiSvgIcon-root MuiSvgIcon-fontSizeLarge css-6z2nyb-MuiSvgIcon-root"
            data-testid="AirlinesIcon"
            focusable="false"
            viewBox="0 0 24 24"
          >
            <path
              d="M13 4 2 20h17l3-16h-9zm1.5 10c-1.38 0-2.5-1.12-2.5-2.5S13.12 9 14.5 9s2.5 1.12 2.5 2.5-1.12 2.5-2.5 2.5z"
            />
          </svg>
          Flight Status Board
        </div>
      </a>
    </div>
  </header>
  <div
    className="css-1r3ldka"
  >
    <div />
  </div>
</div>
`;
